../Core/Src/main.c:59:6:UART_INIT	40	static
../Core/Src/main.c:80:6:UART_Send	24	static
../Core/Src/main.c:91:6:UART_Log	24	static
../Core/Src/main.c:100:6:DMA_init	32	static
../Core/Src/main.c:123:6:DMA1_Stream5_IRQHandler	16	static
../Core/Src/main.c:130:43:Erase_sector	32	static
../Core/Src/main.c:161:44:Programming	40	static
../Core/Src/main.c:185:44:reset_system	16	static
../Core/Src/main.c:193:44:update_firmware	8	static
../Core/Src/main.c:206:5:main	8	static
../Core/Src/main.c:255:6:SystemClock_Config	88	static
../Core/Src/main.c:297:13:MX_GPIO_Init	16	static
../Core/Src/main.c:313:6:Error_Handler	4	static,ignoring_inline_asm
